
============================================================
Category 1: 在庫最適化（4ツール）
============================================================

============================================================
Testing: optimize_safety_stock_allocation
Category: 在庫最適化
Description: タブーサーチによる安全在庫配置の最適化
============================================================
cost= 308.57461889870854 [1 1 1]
✓ Test PASSED
  total_cost: 301.4992400471655

============================================================
Testing: calculate_safety_stock
Category: 在庫最適化
Description: 安全在庫の計算
============================================================
✓ Test PASSED

============================================================
Testing: optimize_periodic_inventory
Category: 在庫最適化
Description: 定期発注方策の最適化（Adam）
============================================================
✓ Test PASSED
  best_cost: 84690.49986715507

============================================================
Testing: optimize_ss_policy
Category: 在庫最適化
Description: (s,S)発注方策の最適化
============================================================
✓ Test PASSED

✓ Category 1 tests completed

============================================================
Test results saved to: /Users/kazuhiro/Documents/2510/langflow-mcp/test_results_part1.json
Total tests: 4
Passed: 4
Failed: 0
============================================================
